../Core/Src/main.c:132:5:__io_putchar	1
../Core/Src/main.c:138:26:CAN_SendStd	5
../Core/Src/main.c:188:6:HAL_CAN_RxFifo0MsgPendingCallback	7
../Core/Src/main.c:238:6:HAL_CAN_TxMailbox0CompleteCallback	1
../Core/Src/main.c:244:6:HAL_CAN_TxMailbox1CompleteCallback	1
../Core/Src/main.c:250:6:HAL_CAN_TxMailbox2CompleteCallback	1
../Core/Src/main.c:257:6:INA226_WriteRegister	1
../Core/Src/main.c:263:10:INA226_ReadRegister	1
../Core/Src/main.c:271:6:INA226_Init	1
../Core/Src/main.c:278:7:INA226_ReadBusVoltage	1
../Core/Src/main.c:285:7:Get_Battery_SOC	21
../Core/Src/main.c:313:5:main	67
../Core/Src/main.c:773:6:SystemClock_Config	3
../Core/Src/main.c:801:13:MX_ADC1_Init	3
../Core/Src/main.c:829:13:MX_CAN1_Init	2
../Core/Src/main.c:847:13:MX_I2C1_Init	2
../Core/Src/main.c:862:13:MX_SPI2_Init	2
../Core/Src/main.c:880:13:MX_TIM3_Init	4
../Core/Src/main.c:903:13:MX_USART2_UART_Init	2
../Core/Src/main.c:917:13:MX_GPIO_Init	1
../Core/Src/main.c:980:6:Error_Handler	1
